2025-02-12 16:28:23,351 - EthicalGenAI - INFO - Initializing models...
2025-02-12 22:29:03,668 - EthicalGenAI - INFO - Initializing models...
2025-02-12 22:45:32,772 - EthicalGenAI - INFO - Models initialized successfully
2025-02-12 22:45:32,775 - EthicalGenAI - INFO - Generating content for prompt: Explain the concept of photosynthesis
2025-02-12 22:45:36,892 - EthicalGenAI - INFO - Analyzing content: Explain the concept of photosynthesis. For me it i...
2025-02-12 22:45:37,253 - EthicalGenAI - WARNING - Regenerating content (attempt 2)
2025-02-12 22:45:39,376 - EthicalGenAI - INFO - Analyzing content: Explain the concept of photosynthesis as being the...
2025-02-12 22:45:40,113 - EthicalGenAI - WARNING - Regenerating content (attempt 3)
2025-02-12 22:45:43,091 - EthicalGenAI - INFO - Analyzing content: Explain the concept of photosynthesis and what hap...
2025-02-12 22:45:43,854 - EthicalGenAI - INFO - Generating content for prompt: Describe the water cycle
2025-02-12 22:45:46,685 - EthicalGenAI - INFO - Analyzing content: Describe the water cycle of the world, see Figure ...
2025-02-12 22:45:47,377 - EthicalGenAI - WARNING - Regenerating content (attempt 2)
2025-02-12 22:45:50,108 - EthicalGenAI - INFO - Analyzing content: Describe the water cycle of the planet and the cli...
2025-02-12 22:45:50,650 - EthicalGenAI - WARNING - Regenerating content (attempt 3)
2025-02-12 22:45:52,319 - EthicalGenAI - INFO - Analyzing content: Describe the water cycle; "If we could have made t...
2025-02-12 22:45:52,624 - EthicalGenAI - INFO - Generating content for prompt: Write about historical leaders
2025-02-12 22:45:54,195 - EthicalGenAI - INFO - Analyzing content: Write about historical leaders, see the list of hi...
2025-02-12 22:45:54,702 - EthicalGenAI - WARNING - Regenerating content (attempt 2)
2025-02-12 22:45:57,760 - EthicalGenAI - INFO - Analyzing content: Write about historical leaders, be grateful for th...
2025-02-12 22:45:58,497 - EthicalGenAI - WARNING - Regenerating content (attempt 3)
2025-02-12 22:46:01,620 - EthicalGenAI - INFO - Analyzing content: Write about historical leaders that have taken the...
2025-02-12 22:46:02,406 - EthicalGenAI - INFO - Analysis report exported to reports/analysis_report.json
